// Jest Snapshot v1, https://jestjs.io/docs/snapshot-testing

exports[`PropertyMap Snapshots should match snapshot in error state 1`] = `
<p
  class="mb-2 text-gray-800"
>
  123 Main St
   
  Downtown
  , 
  CA
   
  90210
</p>
`;

exports[`PropertyMap Snapshots should match snapshot in loading state 1`] = `
<p
  class="mb-2 text-gray-800"
>
  123 Main St
   
  Downtown
  , 
  CA
   
  90210
</p>
`;

exports[`PropertyMap Snapshots should match snapshot with desktop responsive height 1`] = `
<p
  class="mb-2 text-gray-800"
>
  123 Main St
   
  Downtown
  , 
  CA
   
  90210
</p>
`;

exports[`PropertyMap Snapshots should match snapshot with different property location 1`] = `
<p
  class="mb-2 text-gray-800"
>
  456 Oak Avenue
   
  San Francisco
  , 
  CA
   
  94102
</p>
`;

exports[`PropertyMap Snapshots should match snapshot with empty geocoding results 1`] = `
<p
  class="mb-2 text-gray-800"
>
  123 Main St
   
  Downtown
  , 
  CA
   
  90210
</p>
`;

exports[`PropertyMap Snapshots should match snapshot with loaded map and controls 1`] = `
<p
  class="mb-2 text-gray-800"
>
  123 Main St
   
  Downtown
  , 
  CA
   
  90210
</p>
`;

exports[`PropertyMap Snapshots should match snapshot with mobile responsive height 1`] = `
<p
  class="mb-2 text-gray-800"
>
  123 Main St
   
  Downtown
  , 
  CA
   
  90210
</p>
`;

exports[`PropertyMap Snapshots should match snapshot with tablet responsive height 1`] = `
<p
  class="mb-2 text-gray-800"
>
  123 Main St
   
  Downtown
  , 
  CA
   
  90210
</p>
`;

exports[`PropertyMap Snapshots should match snapshot with zero coordinates 1`] = `
<p
  class="mb-2 text-gray-800"
>
  123 Main St
   
  Downtown
  , 
  CA
   
  90210
</p>
`;
