// Jest Snapshot v1, https://jestjs.io/docs/snapshot-testing

exports[`DeleteMessageButton Snapshots should match snapshot for danger button appearance: danger-button-appearance 1`] = `
<form
  action="javascript:throw new Error('A React form was unexpectedly submitted. If you called form.submit() manually, consider using form.requestSubmit() instead. If you\\'re trying to use event.stopPropagation() in a submit event handler, consider also calling event.preventDefault().')"
  class="inline-block"
>
  <button
    class="btn btn-danger"
    type="submit"
  >
    Delete
  </button>
</form>
`;

exports[`DeleteMessageButton Snapshots should match snapshot for delete button styling: delete-button-styling 1`] = `
<form
  action="javascript:throw new Error('A React form was unexpectedly submitted. If you called form.submit() manually, consider using form.requestSubmit() instead. If you\\'re trying to use event.stopPropagation() in a submit event handler, consider also calling event.preventDefault().')"
  class="inline-block"
>
  <button
    class="btn btn-danger"
    type="submit"
  >
    Delete
  </button>
</form>
`;

exports[`DeleteMessageButton Snapshots should match snapshot for different message ID: different-message-id 1`] = `
<form
  action="javascript:throw new Error('A React form was unexpectedly submitted. If you called form.submit() manually, consider using form.requestSubmit() instead. If you\\'re trying to use event.stopPropagation() in a submit event handler, consider also calling event.preventDefault().')"
  class="inline-block"
>
  <button
    class="btn btn-danger"
    type="submit"
  >
    Delete
  </button>
</form>
`;

exports[`DeleteMessageButton Snapshots should match snapshot for form structure: form-structure 1`] = `
<form
  action="javascript:throw new Error('A React form was unexpectedly submitted. If you called form.submit() manually, consider using form.requestSubmit() instead. If you\\'re trying to use event.stopPropagation() in a submit event handler, consider also calling event.preventDefault().')"
  class="inline-block"
>
  <button
    class="btn btn-danger"
    type="submit"
  >
    Delete
  </button>
</form>
`;
