// Jest Snapshot v1, https://jestjs.io/docs/snapshot-testing

exports[`LoginButtons Snapshots should match snapshot in different states: default state 1`] = `
<button
  class=""
>
  <span>
    Login
  </span>
</button>
`;

exports[`LoginButtons Snapshots should match snapshot in different states: null providers 1`] = `null`;
