// Jest Snapshot v1, https://jestjs.io/docs/snapshot-testing

exports[`Hero Snapshots should match snapshot 1`] = `
<section
  class="pt-20 mb-8"
>
  <div
    class="max-w-7xl mx-auto flex flex-col items-center"
  >
    <div
      class="text-center"
    >
      <h1
        class="text-4xl font-extrabold text-gray-700 sm:text-5xl md:text-6xl"
      >
        Find The Perfect Rental
      </h1>
      <p
        class="mt-4 text-xl text-gray-700"
      >
        Discover the perfect property.
      </p>
    </div>
    <div
      data-testid="suspense"
    >
      <div
        data-testid="property-search-form"
      >
        Property Search Form
      </div>
    </div>
  </div>
</section>
`;
