// Jest Snapshot v1, https://jestjs.io/docs/snapshot-testing

exports[`Homepage Components Integration Integration Snapshots should match integration snapshot 1`] = `
<div>
  <section
    class="pt-20 mb-8"
  >
    <div
      class="max-w-7xl mx-auto flex flex-col items-center"
    >
      <div
        class="text-center"
      >
        <h1
          class="text-4xl font-extrabold text-gray-700 sm:text-5xl md:text-6xl"
        >
          Find The Perfect Rental
        </h1>
        <p
          class="mt-4 text-xl text-gray-700"
        >
          Discover the perfect property.
        </p>
      </div>
      <div
        data-testid="suspense"
      >
        <form
          data-testid="property-search-form"
        >
          <input
            data-testid="search-input"
            placeholder="Search properties..."
          />
          <button
            data-testid="search-button"
            type="submit"
          >
            Search
          </button>
        </form>
      </div>
    </div>
  </section>
  <h1
    class="heading"
  >
    Featured Properties
  </h1>
  <div
    data-featured="true"
    data-testid="properties-list"
    data-viewport-width="1024"
  >
    <div
      data-testid="property-card"
    >
      Property Card 1
    </div>
    <div
      data-testid="property-card"
    >
      Property Card 2
    </div>
    <div
      data-testid="property-card"
    >
      Property Card 3
    </div>
  </div>
  <section
    class="mt-8"
  >
    <div
      class="m-auto"
    >
      <div
        class="grid grid-cols-1 md:grid-cols-2 gap-4"
      >
        <div
          class="bg-gray-100 p-6 rounded-lg shadow-md"
        >
          <h1
            class="heading"
          >
            For Renters
          </h1>
          <div
            class="mt-2 mb-4"
          >
            <p
              class="text-sm"
            >
              Find your dream rental property. Favorite properties and contact owners.
            </p>
          </div>
          <a
            class="bg-black hover:bg-gray-700 text-white btn"
            href="/properties"
          >
            Browse Properties
          </a>
        </div>
        <div
          class="bg-blue-100 p-6 rounded-lg shadow-md"
        >
          <h1
            class="heading"
          >
            For Property Owners
          </h1>
          <div
            class="mt-2 mb-4"
          >
            <p
              class="text-sm"
            >
              Log in and rent your property.
            </p>
          </div>
          <a
            class="bg-blue-500 hover:bg-blue-600 text-white btn"
            href="/properties/add"
          >
            Add Property
          </a>
        </div>
      </div>
    </div>
  </section>
</div>
`;
